
==================== Testing: Apple ====================

--- Registry Data ---
Company Name: Apple
Status: unknown
Founders: []
HQ Info: {'full_address': None, 'founding_date': None, 'facility_details': None, 'map_query': None}
Registration Date: None

--- Financial Data ---
Year: 2024, Revenue: 0, Note: 'Apple' is not publicly listed. Financial data unavailable.

==================== Testing: Zomato ====================

--- Registry Data ---
Company Name: Zomato
Status: unknown
Founders: []
HQ Info: {'full_address': 'Mar 4, 2026 ╖ Google ha appena rinnovato la sua celebre serie A con il Pixel 10a, lo smartphone della serie pi∙ conveniente se consideriamo il rapporto tra costo e prestazioni. Con il chip Tensor G4, ', 'founding_date': None, 'facility_details': 'Sourced from public web records.', 'map_query': 'Zomato headquarters'}
Registration Date: None

--- Financial Data ---
Year: 2024, Revenue: 0, Note: 'Zomato' is not publicly listed. Financial data unavailable.

==================== Testing: Swiggy ====================

--- Registry Data ---
Company Name: Swiggy
Status: found
Founders: []
HQ Info: {'full_address': None, 'founding_date': None, 'facility_details': None, 'map_query': None}
Registration Date: None

--- Financial Data ---
Year: 2024, Revenue: 0, Note: 'Swiggy' is not publicly listed. Financial data unavailable.

==================== Testing: Colgate Palmolive India ====================

--- Registry Data ---
Company Name: Colgate Palmolive India
Status: unknown
Founders: []
HQ Info: {'full_address': None, 'founding_date': None, 'facility_details': None, 'map_query': None}
Registration Date: None

--- Financial Data ---
Year: 2024, Revenue: 0, Note: 'Colgate Palmolive India' is not publicly listed. Financial data unavailable.
